// Jest Snapshot v1, https://goo.gl/fbAQLP

exports[`Component <BlockInfo /> <BlockInfo /> 1`] = `
<div
  className="BlockInfo__BlockInfoBlock-rlo975-0 jWRQfy"
>
  <h2
    className="BlockInfo__BlockInfoHeader-rlo975-1 cMOymq"
  >
    Informações do Produto
  </h2>
  <div
    className="BlockInfo__BlockInfoContent-rlo975-2 dkDtOI"
    dangerouslySetInnerHTML={
      Object {
        "__html": "
  <strong>strong</strong>
",
      }
    }
  />
</div>
`;
