// Jest Snapshot v1, https://goo.gl/fbAQLP

exports[`Test component ButtonCart should do be 0 1`] = `
<a
  className="ButtonCart__ButtonCartWrap-r8pccs-1 lmdnfT"
  onClick={[Function]}
>
  <i
    className="ion-ios-cart-outline"
  />
  <span
    className="badge ButtonCart__Badge-r8pccs-0 eyPHvw"
  >
    0
  </span>
</a>
`;

exports[`Test component ButtonCart should do be 5 1`] = `
<a
  className="ButtonCart__ButtonCartWrap-r8pccs-1 lmdnfT"
  onClick={[Function]}
>
  <i
    className="ion-ios-cart-outline"
  />
  <span
    className="badge ButtonCart__Badge-r8pccs-0 eyPHvw"
  >
    5
  </span>
</a>
`;
