// Jest Snapshot v1, https://goo.gl/fbAQLP

exports[`Test File ProductBox <ProductBox /> 1`] = `
<div
  className={undefined}
>
  <picture
    className="SquareBox__BoxSquare-s7lvzn-0 gcTDzr"
  >
    <div
      className="SquareBox__BoxSquareInner-s7lvzn-1 UfKUk"
    />
  </picture>
  <div
    className={undefined}
  >
    Gabinete Slim DT-100BK C/Fonte PS-200 FX C3TECH S/Cabo
  </div>
  <div
    className={undefined}
  >
    <span
      className={undefined}
    >
      R$
    </span>
    <span
      className={undefined}
    >
      284,00
    </span>
  </div>
  <div
    className={undefined}
  >
    ou 
    3
    x de
    <span
      className={undefined}
    >
      R$
    </span>
    <span
      className={undefined}
    >
      94,67
    </span>
    <strong>
      Sem Juros
    </strong>
  </div>
  <div
    className={undefined}
  >
    <a
      className="btn undefined undefined"
      href="/product/gabinete-slim-dt-100bk-c-fonte-ps-200-fx-c3tech"
      onClick={[Function]}
    >
      Ver Detalhes
    </a>
    <a
      className="btn undefined undefined"
      href="/product"
      onClick={[Function]}
    >
      Comprar
    </a>
  </div>
</div>
`;
