// Jest Snapshot v1, https://goo.gl/fbAQLP

exports[`Component <WidgetCategory /> <LinkItem /> 1`] = `
<li>
  <a
    href="#"
  >
    title
  </a>
</li>
`;

exports[`Component <WidgetCategory /> <WidgetCategory /> 1`] = `
<div
  className="WidgetCategory__Widget-s7sa3mi-0 hLfuzK"
>
  <h3
    className="WidgetCategory__WidgetTitle-s7sa3mi-1 kHkFYp"
  >
    Titulo Widget
  </h3>
  <ul
    className="WidgetCategory__WidgetCategories-s7sa3mi-2 dKwjNk"
  >
    <li>
      <a
        href="#1"
      >
        title 1
      </a>
    </li>
    <li>
      <a
        href="#2"
      >
        title 2
      </a>
    </li>
  </ul>
</div>
`;
